// Jest Snapshot v1, https://goo.gl/fbAQLP

exports[`SearchResults renders correctly 1`] = `
<div>
  <div>
    <header>
      <h2
        class="display"
      >
        <span
          id="searchResultsCount"
        >
          0
        </span>
         
      </h2>
      <div
        class="search-lg"
      >
        <input
          aria-label="Search"
          autocomplete="off"
          id="query"
          name="query"
          placeholder=""
          type="search"
        />
      </div>
    </header>
    <section
      class="search-results"
    >
      <div
        class="search-filter"
      >
        <label
          class="semi-bold"
          for="productSearchFilter"
        >
          filter
        </label>
        <select
          class="col-md-3 input-small"
          id="productSearchFilter"
        >
          <option
            value="one"
          >
            Option 1
          </option>
          <option
            value="two"
          >
            Option 2
          </option>
        </select>
      </div>
      
      <span
        aria-hidden="true"
        class="loading-animation loading-animation-sm"
      />
    </section>
  </div>
</div>
`;
